== MISSING (в карте есть, в репозитории нет) ==

== UNREGISTERED (62 из 313 md-файлов) ==
  ai-governance/README.md
  ai-rules/README.md
  docs/ecosystem-map-Index.md
  docs/ecosystem-map.md
  docs/guides/README.md
  docs/product-concept.md
  docs/project-summaries/README.md
  docs/project-summaries/clarify-engine-ai-context-Summary.md
  docs/project-summaries/mango-ba-prompts-context-Summary.md
  docs/project-summaries/open-ai-ru-context-Summary.md
  docs/rfc/hub-vision-concept-proposal-2026-06.md
  docs/rfc/tech-debt-solutions-proposal-2026-06.md
  docs/vision.md
  guides/README.md
  guides/contribute-template.md
  guides/deploy-project.md
  guides/glossary.md
  guides/init-spoke-repo.md
  guides/interact-with-ai.md
  guides/quick-start.md
  guides/rollback-sync.md
  guides/sync-from-hub.md
  guides/sync-with-projects.md
  guides/troubleshooting.md
  ops/README.md
  projects-sink/AI_PROJECT_CONTEXT-Summary.md
  projects-sink/README.md
  research/cicd/2026-06-09-js-cicd-template-analysis.md
  research/cicd/README.md
  research/education/2026-07-16-retrieval-strategies-survey.md
  research/hub/exp/analysis-inventory-342/2026-07-02-analysis-artifact-matrix.md
  research/hub/exp/analysis-inventory-342/README.md
  research/hub/exp/mango-separation-readiness-507/README.md
  research/hub/exp/ops-task-strategy-461/README.md
  research/hub/exp/reports-inventory-310/2026-07-01-reports-artifact-matrix.md
  research/hub/exp/reports-inventory-310/README.md
  research/hub/exp/research-analysis-audit-288/2026-06-28-artifact-classification-matrix.md
  research/hub/exp/research-analysis-audit-288/README.md
  research/hub/exp/research-methodology-validation-499/README.md
  research/hub/exp/rfc-adr-industry-norms-278/2026-06-27-adr-external-tree-summary.md
  research/hub/exp/rfc-adr-industry-norms-278/2026-06-27-local-rfc-adr-audit.md
  research/hub/exp/rfc-adr-industry-norms-278/2026-06-27-rfc-external-tree-summary.md
  research/hub/exp/rfc-adr-industry-norms-278/README.md
  research/hub/exp/ripple-effects-282/2026-06-28-frontmatter-scan.md
  research/hub/exp/ripple-effects-282/README.md
  research/hub/exp/task-execution-modes-330/2026-07-02-test1-backlog.md
  research/hub/exp/task-execution-modes-330/2026-07-02-test2-issues.md
  research/hub/exp/task-execution-modes-330/2026-07-02-test3-conflict.md
  research/hub/exp/task-execution-modes-330/2026-07-02-test4-evolution.md
  research/hub/exp/task-execution-modes-330/2026-07-02-test5-industry.md
  research/hub/exp/task-execution-modes-330/README.md
  research/mango/2026-06-18-ai-classifications-formalization.md
  research/mango/2026-06-19-token-optimization-proposal.md
  research/open-ai-ru/2026-06-20-open-ai-ru-repository-architecture-and-l3-l4.md
  research/open-ai-ru/README.md
  research/reputation-technologies/2026-06-20-executive-summary.ru-en.md
  research/reputation-technologies/2026-06-20-founders-vision-and-framework.ru.md
  research/reputation-technologies/2026-06-20-framework-standard.en.md
  research/reputation-technologies/2026-06-20-glossary.ru-en.md
  research/reputation-technologies/2026-06-20-white-paper.en.md
  research/reputation-technologies/2026-06-29-partner-attraction-strategy.ru.md
  research/reputation-technologies/README.md
