corpus commit: 8cbf82aa73129ec5747af07f790aaf438b0fb6e9
активных промптов: 24, прогонов: 67
нормативных конструкций мета-модели: 12
отсутствуют во всех промптах: 10 — ['Contract объявленный контракт', 'G-human человеческий гейт', 'G-mach машинный гейт', 'G-self самопроверка', 'MM-1 объявленный входной артефакт', 'MM-3 след прогона', 'MM-4 объявленный продуктовый класс', 'OPS-2 объявленный выходной артефакт', 'SK-4 условие отказа', 'T-1 закрытый словарь']
отсутствуют и в промптах, и в прогонах: 4 — ['Contract объявленный контракт', 'MM-4 объявленный продуктовый класс', 'OPS-2 объявленный выходной артефакт', 'T-1 закрытый словарь']
среднее число конструкций на промпт: 1.04, максимум в одном промпте: 2
промптов без единой конструкции: 0, прогонов без единой конструкции: 0
  MM-1 объявленный входной артефакт: промптов 0/24, прогонов 1/67
  MM-4 объявленный продуктовый класс: промптов 0/24, прогонов 0/67
  G-self самопроверка: промптов 0/24, прогонов 7/67
  G-mach машинный гейт: промптов 0/24, прогонов 9/67
  G-human человеческий гейт: промптов 0/24, прогонов 7/67
  SK-4 условие отказа: промптов 0/24, прогонов 1/67
  Contract объявленный контракт: промптов 0/24, прогонов 0/67
  MM-3 след прогона: промптов 0/24, прогонов 8/67
  EP-G1 эталон (Golden Set): промптов 1/24, прогонов 15/67
  T-1 закрытый словарь: промптов 0/24, прогонов 0/67
  SK-5 версионирование во frontmatter: промптов 24/24, прогонов 67/67
  OPS-2 объявленный выходной артефакт: промптов 0/24, прогонов 0/67
результат: legacy-normative-influence.json
